// Jest Snapshot v1, https://goo.gl/fbAQLP

exports[`should be thtrow error 1`] = `"Selector should be start with '.' or '#' symbol"`;
