// Jest Snapshot v1, https://goo.gl/fbAQLP

exports[`should be render text nodes 1`] = `
<div
  class="swiper-wrapper"
/>
`;
